/home/ray/ttExa/openlane/designs/cordic_tt/runs/*
using latest run:
/home/ray/ttExa/openlane/designs/cordic_tt/runs/RUN_2025.08.05_06.10.00
                        design : /openlane/designs/cordic_tt
                   design_name :           cordic_fsm
                        config : RUN_2025.08.05_06.10.00
                   flow_status :       flow completed
                 total_runtime :           0h7m32s0ms
                routed_runtime :           0h6m26s0ms
         (Cell/mm^2)/Core_Util :    95912.05528064701
                  DIEAREA_mm^2 :  0.08463772102499999
                  CellPer_mm^2 :    43160.42487629115
                   OpenDP_Util :                46.81
                    Final_Util :                   -1
          Peak_Memory_Usage_MB :               706.14
              synth_cell_count :                 3216
        tritonRoute_violations :                    0
              Short_violations :                    0
             MetSpc_violations :                    0
            OffGrid_violations :                    0
            MinHole_violations :                    0
              Other_violations :                    0
              Magic_violations :                    0
        pin_antenna_violations :                    0
        net_antenna_violations :                    0
              lvs_total_errors :                    0
              cvc_total_errors :                   -1
            klayout_violations :                   -1
                   wire_length :                98849
                          vias :                25773
                           wns :                  0.0
                        pl_wns :                   -1
                 optimized_wns :                   -1
                 fastroute_wns :                   -1
                      spef_wns :                  0.0
                           tns :                  0.0
                        pl_tns :                   -1
                 optimized_tns :                   -1
                 fastroute_tns :                   -1
                      spef_tns :                  0.0
                          HPWL :           68881703.0
            routing_layer1_pct :                  0.0
            routing_layer2_pct :                 35.5
            routing_layer3_pct :                37.77
            routing_layer4_pct :                 4.03
            routing_layer5_pct :                 8.23
            routing_layer6_pct :                  0.0
                   wires_count :                 3193
                     wire_bits :                 4168
            public_wires_count :                  102
              public_wire_bits :                  961
                memories_count :                    0
                   memory_bits :                    0
               processes_count :                    0
                 cells_pre_abc :                 3656
                           AND :                  153
                           DFF :                    6
                          NAND :                   46
                           NOR :                  173
                            OR :                  763
                           XOR :                  389
                          XNOR :                  101
                           MUX :                  524
                        inputs :                  464
                       outputs :                  455
                         level :                   24
                    DecapCells :                 3420
                  WelltapCells :                 1071
                    DiodeCells :                    0
                     FillCells :                 1465
                  NonPhysCells :                 3653
                    TotalCells :                 9609
                 CoreArea_um^2 :             74571.52
     power_slowest_internal_uW :                   -1
    power_slowest_switching_uW :                   -1
      power_slowest_leakage_uW :                   -1
     power_typical_internal_uW :              0.00412
    power_typical_switching_uW :              0.00175
      power_typical_leakage_uW :              2.3e-08
     power_fastest_internal_uW :                   -1
    power_fastest_switching_uW :                   -1
      power_fastest_leakage_uW :                   -1
              critical_path_ns :                 8.28
        suggested_clock_period :                 10.0
     suggested_clock_frequency :                100.0
                  CLOCK_PERIOD :                   10
               FP_ASPECT_RATIO :                    1
                  FP_CORE_UTIL :                   45
                 FP_PDN_HPITCH :               153.18
                 FP_PDN_VPITCH :                153.6
                GRT_ADJUSTMENT :                  0.3
           GRT_REPAIR_ANTENNAS :                    1
         MAX_FANOUT_CONSTRAINT :                   10
             PL_TARGET_DENSITY :                 0.55
 RUN_HEURISTIC_DIODE_INSERTION :                    0
              STD_CELL_LIBRARY :      sky130_fd_sc_hd
                SYNTH_STRATEGY :               AREA 0
